{
 "elf": "build/ocamlc-hello.elf",
 "exit": 0,
 "fuel_out": false,
 "steps": 82603090,
 "output": "\tconst 7\n\tpush\n\tconst 6\n\tmulint\n\tpush\n\tgetglobal Stdlib!\n\tgetfield 43\n\tapply 1\n\tpush\n\tmakeblock 0, 0\n\tpop 1\n\tsetglobal Hello!\n\n",
 "cut_point_step": 48826563,
 "first_minor_gc_step": 48825155,
 "first_minor_gc_after_cut": 76737043,
 "minor_gcs": 2,
 "major_slices": 1,
 "minor_gcs_after_cut": 1,
 "first": {
  "caml_main": 50224,
  "caml_init_gc": 55347,
  "caml_interprete": 123071,
  "caml_load_code": 123412,
  "caml_build_primitive_table": 37006629,
  "caml_input_val": 41077034,
  "caml_oldify_mopup": 48825155,
  "caml_raise": 49008023,
  "caml_gc_dispatch": 76495767,
  "caml_major_collection_slice": 81670697,
  "caml_do_exit": 82603017,
  "_exit": 82603085,
  "_exit.sd": 82603089
 },
 "counts": {
  "caml_main": 1,
  "caml_init_gc": 1,
  "caml_interprete": 2,
  "caml_load_code": 1,
  "caml_build_primitive_table": 1,
  "caml_input_val": 4,
  "caml_oldify_mopup": 2,
  "caml_raise": 12,
  "caml_gc_dispatch": 1,
  "caml_major_collection_slice": 1,
  "caml_do_exit": 1,
  "_exit": 1,
  "_exit.sd": 1
 }
}
