{
 "elf": "build/ocamlc-version.elf",
 "exit": 0,
 "fuel_out": false,
 "steps": 54416058,
 "output": "4.14.4\n",
 "cut_point_step": 48827336,
 "first_minor_gc_step": 48826663,
 "first_minor_gc_after_cut": null,
 "minor_gcs": 1,
 "major_slices": 0,
 "minor_gcs_after_cut": 0,
 "first": {
  "caml_main": 50216,
  "caml_init_gc": 56409,
  "caml_interprete": 124162,
  "caml_load_code": 124517,
  "caml_build_primitive_table": 37007872,
  "caml_input_val": 41078368,
  "caml_oldify_mopup": 48826663,
  "caml_raise": 49008813,
  "caml_do_exit": 54415985,
  "_exit": 54416053,
  "_exit.sd": 54416057
 },
 "counts": {
  "caml_main": 1,
  "caml_init_gc": 1,
  "caml_interprete": 2,
  "caml_load_code": 1,
  "caml_build_primitive_table": 1,
  "caml_input_val": 1,
  "caml_oldify_mopup": 1,
  "caml_raise": 6,
  "caml_do_exit": 1,
  "_exit": 1,
  "_exit.sd": 1
 }
}
