{
 "elf": "build/ocamlc-hello-M1000.elf",
 "exit": 0,
 "fuel_out": false,
 "steps": 77438635,
 "output": "\tconst 7\n\tpush\n\tconst 6\n\tmulint\n\tpush\n\tgetglobal Stdlib!\n\tgetfield 43\n\tapply 1\n\tpush\n\tmakeblock 0, 0\n\tpop 1\n\tsetglobal Hello!\n\n",
 "cut_point_step": 48834107,
 "first_minor_gc_step": 48832755,
 "first_minor_gc_after_cut": null,
 "minor_gcs": 1,
 "major_slices": 0,
 "minor_gcs_after_cut": 0,
 "first": {
  "caml_main": 50216,
  "caml_init_gc": 61921,
  "caml_interprete": 129593,
  "caml_load_code": 129948,
  "caml_build_primitive_table": 37013303,
  "caml_input_val": 41084460,
  "caml_oldify_mopup": 48832755,
  "caml_raise": 49017335,
  "caml_do_exit": 77438562,
  "_exit": 77438630,
  "_exit.sd": 77438634
 },
 "counts": {
  "caml_main": 1,
  "caml_init_gc": 1,
  "caml_interprete": 2,
  "caml_load_code": 1,
  "caml_build_primitive_table": 1,
  "caml_input_val": 4,
  "caml_oldify_mopup": 1,
  "caml_raise": 11,
  "caml_do_exit": 1,
  "_exit": 1,
  "_exit.sd": 1
 }
}
