{
 "elf": "build/nostdlib/while_min.elf",
 "exit": 0,
 "fuel_out": false,
 "steps": 4310590,
 "output": "55\n2500\n36\n",
 "cut_point_step": 4266900,
 "first_minor_gc_step": 4261130,
 "first_minor_gc_after_cut": null,
 "minor_gcs": 1,
 "major_slices": 0,
 "minor_gcs_after_cut": 0,
 "first": {
  "caml_main": 50212,
  "caml_init_gc": 55177,
  "caml_interprete": 122930,
  "caml_load_code": 123271,
  "caml_build_primitive_table": 180304,
  "caml_input_val": 4250826,
  "caml_oldify_mopup": 4261130,
  "caml_do_exit": 4310517,
  "_exit": 4310585,
  "_exit.sd": 4310589
 },
 "counts": {
  "caml_main": 1,
  "caml_init_gc": 1,
  "caml_interprete": 2,
  "caml_load_code": 1,
  "caml_build_primitive_table": 1,
  "caml_input_val": 1,
  "caml_oldify_mopup": 1,
  "caml_do_exit": 1,
  "_exit": 1,
  "_exit.sd": 1
 }
}
